Test file for 0-add_integer

Function: add_integer()
>>> add_integer = __import__('0-add_integer').add_integer

>>> add_integer(2, 3)
5
>>> add_integer(5)
103
>>> add_integer(1.9, 2.4)
3
>>> add_integer('a', 5)
Traceback (most recent call last):
    ...
TypeError: a must be an integer
>>> add_integer(5, 'b')
Traceback (most recent call last):
    ...
TypeError: b must be an integer
>>> add_integer(5e100, 5)
Traceback (most recent call last):
    ...
ValueError: a is too large
>>> add_integer(5, 5e100)
Traceback (most recent call last):
    ...
ValueError: b is too large